// Jest Snapshot v1, https://goo.gl/fbAQLP

exports[`App renders without crashing 1`] = `
<Fragment>
  <h1>
    Velp
  </h1>
  <GoogleMaps />
</Fragment>
`;
